// Jest Snapshot v1, https://goo.gl/fbAQLP

exports[`<TodoListItem/> debe de mostrar correctamente 1`] = `
<li
  className="list-group-item"
  key="1"
>
  <p
    className="false"
    onClick={[Function]}
  >
    2
    - 
    aprender react
  </p>
  <button
    className="btn btn-danger"
    onClick={[Function]}
  >
    Borrar
  </button>
</li>
`;
