// Jest Snapshot v1, https://goo.gl/fbAQLP

exports[`pruebas con <HomeScreen/> should  1`] = `
<div>
  <h1>
    HomeSreen
  </h1>
  <hr />
  <pre>
    {
   "name": "fernan",
   "email": "gmai.com"
}
  </pre>
</div>
`;
