// Jest Snapshot v1, https://goo.gl/fbAQLP

exports[`<LoginScreen/> matchsnapshot 1`] = `
<div>
  <h1>
    LoginScreen
  </h1>
  <hr />
  <button
    className="btn btn-secondary"
    onClick={[Function]}
  >
    Login
  </button>
</div>
`;
