// Jest Snapshot v1, https://goo.gl/fbAQLP

exports[`pruebas en <RealExampleRef/> muestra correctamente 1`] = `
<div>
  <h1>
    Real Example
  </h1>
  <hr />
  <button
    className="btn btn-warning mt-5"
    onClick={[Function]}
  >
    show/hide
  </button>
</div>
`;
